---
- name: ESA
  id: 10
  projects:
    - name: rosetta-flight-control
      id: 10
      platform: python
      slug: rosetta-flight-control
      teams:
        - id: 7
          slug: esa-flight-control
          users: []
    - name: rosetta-spacecraft
      id: 9
      platform: python
      slug: rosetta-spacecraft
      teams:
        - id: 7
          slug: esa-flight-control
          users: []
        - id: 6
          slug: esa-pilots
          users: []
  slug: esa
  teams:
    - id: 7
      slug: esa-flight-control
      users:
        - email: MatthiasMaurer@nasa.com
          pending: false
          id: 25
          role: member
        - email: TimPeake@nasa.com
          pending: false
          id: 26
          role: member
        - email: GlobalFlightDirector@nasa.com
          pending: false
          id: 27
          role: owner
    - id: 6
      slug: esa-pilots
      users:
        - email: SamanthaCristoforetti@nasa.com
          pending: false
          id: 24
          role: member
  users:
    - email: MatthiasMaurer@nasa.com
      pending: false
      id: 25
      role: member
    - email: SamanthaCristoforetti@nasa.com
      pending: false
      id: 24
      role: member
    - email: TimPeake@nasa.com
      pending: false
      id: 26
      role: member
    - email: GlobalFlightDirector@nasa.com
      pending: false
      id: 27
      role: owner
- name: NASA
  id: 4
  projects:
    - name: apollo-11-flight-control
      id: 8
      platform: python
      slug: apollo-11-flight-control
      teams:
        - id: 4
          slug: nasa-flight-control
          users: []
    - name: apollo-11-spacecraft
      id: 7
      platform: python
      slug: apollo-11-spacecraft
      teams:
        - id: 4
          slug: nasa-flight-control
          users: []
        - id: 2
          slug: nasa-pilots
          users: []
  slug: nasa
  teams:
    - id: 4
      slug: nasa-flight-control
      users:
        - email: MichaelCollins@nasa.com
          pending: false
          id: 23
          role: member
        - email: GlobalFlightDirector@nasa.com
          pending: true
          id: 22
          role: owner
    - id: 2
      slug: nasa-pilots
      users:
        - email: BuzzAldrin@nasa.com
          pending: true
          id: 21
          role: member
        - email: NeilArmstrong@nasa.com
          pending: false
          id: 20
          role: member
  users:
    - email: BuzzAldrin@nasa.com
      pending: true
      id: 21
      role: member
    - email: MichaelCollins@nasa.com
      pending: false
      id: 23
      role: member
    - email: NeilArmstrong@nasa.com
      pending: false
      id: 20
      role: member
    - email: GlobalFlightDirector@nasa.com
      pending: true
      id: 22
      role: owner
